  18-Jan-2018 10:17:20
   Latitude  Longitude Parameter Con   Ampl/MajAxis Phase(o,GMT) MinAxis Incl(o,GMT)
   36.4500   353.4500       z(m) m2       0.9952      54.48
   36.4500   353.4500       z(m) s2       0.3599      79.95
   36.4500   353.4500       z(m) n2       0.2114      38.26
   36.4500   353.4500       z(m) k2       0.0988      77.12
   36.4500   353.4500       z(m) k1       0.0627      47.99
   36.4500   353.4500       z(m) o1       0.0570     306.04
   36.4500   353.4500       z(m) p1       0.0177      40.73
   36.4500   353.4500       z(m) q1       0.0176     256.32
   36.4500   353.4500       z(m) mf       0.0003     176.05
   36.4500   353.4500       z(m) mm       0.0009     214.06
   36.4500   353.4500       z(m) m4       0.0167     156.68
   36.4500   353.4500       z(m) ms4      0.0034     239.59
   36.4500   353.4500       z(m) mn4      0.0050      68.11
