Lat:    36.4500, Lon:   353.4500, Parameter: z(m)
Depth (m):     142.52
Constituents included: m2  s2  n2  k2  k1  o1  p1  q1  mf  mm  m4  ms4 mn4 
Time start: 00:00,  1. 1.1958 
Time step (min):      60.00
Time Series length (hours):550000
01-Jan-1958 00:00:00     0.4209
01-Jan-1958 01:00:00     0.1427
01-Jan-1958 02:00:00    -0.1653
01-Jan-1958 03:00:00    -0.4224
01-Jan-1958 04:00:00    -0.5665
01-Jan-1958 05:00:00    -0.5671
01-Jan-1958 06:00:00    -0.4276
01-Jan-1958 07:00:00    -0.1797
01-Jan-1958 08:00:00     0.1212
01-Jan-1958 09:00:00     0.4042
01-Jan-1958 10:00:00     0.5951
01-Jan-1958 11:00:00     0.6366
01-Jan-1958 12:00:00     0.5084
01-Jan-1958 13:00:00     0.2389
01-Jan-1958 14:00:00    -0.1018
01-Jan-1958 15:00:00    -0.4237
01-Jan-1958 16:00:00    -0.6451
01-Jan-1958 17:00:00    -0.7133
01-Jan-1958 18:00:00    -0.6134
01-Jan-1958 19:00:00    -0.3673
01-Jan-1958 20:00:00    -0.0275
01-Jan-1958 21:00:00     0.3307
01-Jan-1958 22:00:00     0.6213
01-Jan-1958 23:00:00     0.7676
02-Jan-1958 00:00:00     0.7251
02-Jan-1958 01:00:00     0.4996
02-Jan-1958 02:00:00     0.1488
02-Jan-1958 03:00:00    -0.2341
02-Jan-1958 04:00:00    -0.5505
02-Jan-1958 05:00:00    -0.7233
02-Jan-1958 06:00:00    -0.7145
02-Jan-1958 07:00:00    -0.5290
02-Jan-1958 08:00:00    -0.2105
02-Jan-1958 09:00:00     0.1671
02-Jan-1958 10:00:00     0.5119
02-Jan-1958 11:00:00     0.7326
02-Jan-1958 12:00:00     0.7636
02-Jan-1958 13:00:00     0.5876
02-Jan-1958 14:00:00     0.2464
02-Jan-1958 15:00:00    -0.1703
02-Jan-1958 16:00:00    -0.5516
02-Jan-1958 17:00:00    -0.7991
02-Jan-1958 18:00:00    -0.8517
02-Jan-1958 19:00:00    -0.6963
02-Jan-1958 20:00:00    -0.3674
02-Jan-1958 21:00:00     0.0622
02-Jan-1958 22:00:00     0.4936
02-Jan-1958 23:00:00     0.8204
03-Jan-1958 00:00:00     0.9545
03-Jan-1958 01:00:00     0.8530
03-Jan-1958 02:00:00     0.5361
03-Jan-1958 03:00:00     0.0846
03-Jan-1958 04:00:00    -0.3833
03-Jan-1958 05:00:00    -0.7479
03-Jan-1958 06:00:00    -0.9209
03-Jan-1958 07:00:00    -0.8647
03-Jan-1958 08:00:00    -0.5961
03-Jan-1958 09:00:00    -0.1796
03-Jan-1958 10:00:00     0.2856
03-Jan-1958 11:00:00     0.6840
03-Jan-1958 12:00:00     0.9092
03-Jan-1958 13:00:00     0.8938
03-Jan-1958 14:00:00     0.6335
03-Jan-1958 15:00:00     0.1937
03-Jan-1958 16:00:00    -0.3081
03-Jan-1958 17:00:00    -0.7377
03-Jan-1958 18:00:00    -0.9833
03-Jan-1958 19:00:00    -0.9835
03-Jan-1958 20:00:00    -0.7376
03-Jan-1958 21:00:00    -0.3015
03-Jan-1958 22:00:00     0.2254
03-Jan-1958 23:00:00     0.7183
04-Jan-1958 00:00:00     1.0530
04-Jan-1958 01:00:00     1.1366
04-Jan-1958 02:00:00     0.9378
04-Jan-1958 03:00:00     0.5016
04-Jan-1958 04:00:00    -0.0598
04-Jan-1958 05:00:00    -0.6005
04-Jan-1958 06:00:00    -0.9836
04-Jan-1958 07:00:00    -1.1180
04-Jan-1958 08:00:00    -0.9771
04-Jan-1958 09:00:00    -0.5990
04-Jan-1958 10:00:00    -0.0753
04-Jan-1958 11:00:00     0.4675
04-Jan-1958 12:00:00     0.8928
04-Jan-1958 13:00:00     1.0857
04-Jan-1958 14:00:00     0.9869
04-Jan-1958 15:00:00     0.6154
04-Jan-1958 16:00:00     0.0685
04-Jan-1958 17:00:00    -0.5058
04-Jan-1958 18:00:00    -0.9537
04-Jan-1958 19:00:00    -1.1591
04-Jan-1958 20:00:00    -1.0710
04-Jan-1958 21:00:00    -0.7104
04-Jan-1958 22:00:00    -0.1606
04-Jan-1958 23:00:00     0.4505
05-Jan-1958 00:00:00     0.9755
05-Jan-1958 01:00:00     1.2789
05-Jan-1958 02:00:00     1.2733
05-Jan-1958 03:00:00     0.9493
05-Jan-1958 04:00:00     0.3854
05-Jan-1958 05:00:00    -0.2725
05-Jan-1958 06:00:00    -0.8542
05-Jan-1958 07:00:00    -1.2149
05-Jan-1958 08:00:00    -1.2722
05-Jan-1958 09:00:00    -1.0202
05-Jan-1958 10:00:00    -0.5247
05-Jan-1958 11:00:00     0.0943
05-Jan-1958 12:00:00     0.6859
05-Jan-1958 13:00:00     1.0995
05-Jan-1958 14:00:00     1.2217
05-Jan-1958 15:00:00     1.0117
05-Jan-1958 16:00:00     0.5203
05-Jan-1958 17:00:00    -0.1204
05-Jan-1958 18:00:00    -0.7356
05-Jan-1958 19:00:00    -1.1611
05-Jan-1958 20:00:00    -1.2881
05-Jan-1958 21:00:00    -1.0866
05-Jan-1958 22:00:00    -0.6053
05-Jan-1958 23:00:00     0.0437
06-Jan-1958 00:00:00     0.7079
06-Jan-1958 01:00:00     1.2244
06-Jan-1958 02:00:00     1.4565
06-Jan-1958 03:00:00     1.3330
06-Jan-1958 04:00:00     0.8752
06-Jan-1958 05:00:00     0.1979
06-Jan-1958 06:00:00    -0.5225
06-Jan-1958 07:00:00    -1.1013
06-Jan-1958 08:00:00    -1.3983
06-Jan-1958 09:00:00    -1.3505
06-Jan-1958 10:00:00    -0.9796
06-Jan-1958 11:00:00    -0.3801
06-Jan-1958 12:00:00     0.3032
06-Jan-1958 13:00:00     0.9029
06-Jan-1958 14:00:00     1.2642
06-Jan-1958 15:00:00     1.2859
06-Jan-1958 16:00:00     0.9544
06-Jan-1958 17:00:00     0.3560
06-Jan-1958 18:00:00    -0.3454
06-Jan-1958 19:00:00    -0.9582
06-Jan-1958 20:00:00    -1.3204
06-Jan-1958 21:00:00    -1.3419
06-Jan-1958 22:00:00    -1.0205
06-Jan-1958 23:00:00    -0.4339
07-Jan-1958 00:00:00     0.2813
07-Jan-1958 01:00:00     0.9561
07-Jan-1958 02:00:00     1.4224
07-Jan-1958 03:00:00     1.5531
07-Jan-1958 04:00:00     1.3017
07-Jan-1958 05:00:00     0.7242
07-Jan-1958 05:59:59    -0.0310
07-Jan-1958 06:59:59    -0.7671
07-Jan-1958 07:59:59    -1.2980
07-Jan-1958 08:59:59    -1.5001
07-Jan-1958 09:59:59    -1.3378
07-Jan-1958 10:59:59    -0.8618
07-Jan-1958 11:59:59    -0.1906
07-Jan-1958 12:59:59     0.5142
07-Jan-1958 13:59:59     1.0789
07-Jan-1958 14:59:59     1.3558
07-Jan-1958 15:59:59     1.2644
07-Jan-1958 16:59:59     0.8228
07-Jan-1958 17:59:59     0.1503
07-Jan-1958 18:59:59    -0.5670
07-Jan-1958 19:59:59    -1.1334
07-Jan-1958 20:59:59    -1.4020
07-Jan-1958 21:59:59    -1.3098
07-Jan-1958 22:59:59    -0.8839
07-Jan-1958 23:59:59    -0.2261
08-Jan-1958 00:59:59     0.5110
08-Jan-1958 01:59:59     1.1526
08-Jan-1958 02:59:59     1.5363
08-Jan-1958 03:59:59     1.5534
08-Jan-1958 04:59:59     1.1867
08-Jan-1958 05:59:59     0.5247
08-Jan-1958 06:59:59    -0.2599
08-Jan-1958 07:59:59    -0.9628
08-Jan-1958 08:59:59    -1.4105
08-Jan-1958 09:59:59    -1.5053
08-Jan-1958 10:59:59    -1.2408
08-Jan-1958 11:59:59    -0.6921
08-Jan-1958 12:59:59     0.0066
08-Jan-1958 13:59:59     0.6882
08-Jan-1958 14:59:59     1.1837
08-Jan-1958 15:59:59     1.3609
08-Jan-1958 16:59:59     1.1651
08-Jan-1958 17:59:59     0.6446
08-Jan-1958 18:59:59    -0.0569
08-Jan-1958 19:59:59    -0.7437
08-Jan-1958 20:59:59    -1.2302
08-Jan-1958 21:59:59    -1.3943
08-Jan-1958 22:59:59    -1.2024
08-Jan-1958 23:59:59    -0.7065
09-Jan-1958 00:59:59    -0.0232
09-Jan-1958 01:59:59     0.6903
09-Jan-1958 02:59:59     1.2643
09-Jan-1958 03:59:59     1.5506
09-Jan-1958 04:59:59     1.4639
09-Jan-1958 05:59:59     1.0151
09-Jan-1958 06:59:59     0.3172
09-Jan-1958 07:59:59    -0.4456
09-Jan-1958 08:59:59    -1.0764
09-Jan-1958 09:59:59    -1.4243
09-Jan-1958 10:59:59    -1.4210
09-Jan-1958 11:59:59    -1.0857
09-Jan-1958 12:59:59    -0.5085
09-Jan-1958 13:59:59     0.1724
09-Jan-1958 14:59:59     0.7951
09-Jan-1958 15:59:59     1.2040
09-Jan-1958 16:59:59     1.2874
09-Jan-1958 17:59:59     1.0156
09-Jan-1958 18:59:59     0.4600
09-Jan-1958 19:59:59    -0.2233
09-Jan-1958 20:59:59    -0.8436
09-Jan-1958 21:59:59    -1.2360
09-Jan-1958 22:59:59    -1.3071
09-Jan-1958 23:59:59    -1.0491
10-Jan-1958 00:59:59    -0.5290
10-Jan-1958 01:59:59     0.1331
10-Jan-1958 02:59:59     0.7869
10-Jan-1958 03:59:59     1.2761
10-Jan-1958 04:59:59     1.4718
10-Jan-1958 05:59:59     1.3113
10-Jan-1958 06:59:59     0.8269
10-Jan-1958 07:59:59     0.1442
10-Jan-1958 08:59:59    -0.5555
10-Jan-1958 09:59:59    -1.0937
10-Jan-1958 10:59:59    -1.3476
10-Jan-1958 11:59:59    -1.2751
10-Jan-1958 12:59:59    -0.9117
10-Jan-1958 13:59:59    -0.3510
10-Jan-1958 14:59:59     0.2761
10-Jan-1958 15:59:59     0.8217
10-Jan-1958 16:59:59     1.1478
10-Jan-1958 17:59:59     1.1628
10-Jan-1958 18:59:59     0.8563
10-Jan-1958 19:59:59     0.3117
10-Jan-1958 20:59:59    -0.3163
10-Jan-1958 21:59:59    -0.8531
10-Jan-1958 22:59:59    -1.1600
10-Jan-1958 23:59:59    -1.1694
